// Jest Snapshot v1, https://goo.gl/fbAQLP

exports[`TabParameters shows the governance parameters 1`] = `
<div>
  <div
    class="parameters__details parameters__section"
  >
    <div
      class="row"
    >
      <dl
        class="info_dl col-lg-4 col-md-4 col-sm-12 col-xs-12"
      >
        <dt>
          
            Minimum Deposit
            
          <i
            class="material-icons info-button"
            id="tooltip-target-1"
          >
            
              info_outline
            
          </i>
           
          <b-tooltip
            target="tooltip-target-1"
            triggers="hover"
          >
            
              Minimum deposit required for a proposal to enter in voting period
            
          </b-tooltip>
        </dt>
         
        <dd>
          
            100 CLR
          
        </dd>
      </dl>
       
      <dl
        class="info_dl col-lg-4 col-md-4 col-sm-6 col-xs-12"
      >
        <dt>
          
            Threshold
            
          <i
            class="material-icons info-button"
            id="tooltip-target-2"
          >
            
              info_outline
            
          </i>
           
          <b-tooltip
            target="tooltip-target-2"
            triggers="hover"
          >
            
              Percentage of "Yes" votes required for proposal to pass
            
          </b-tooltip>
        </dt>
         
        <dd>
          
            50 %
          
        </dd>
      </dl>
       
      <dl
        class="info_dl col-lg-4 col-md-4 col-sm-6 col-xs-12"
      >
        <dt>
          
            Quorum
            
          <i
            class="material-icons info-button"
            id="tooltip-target-3"
          >
            
              info_outline
            
          </i>
           
          <b-tooltip
            target="tooltip-target-3"
            triggers="hover"
          >
            
              Percentage of tokens required to vote on a proposal to be considered valid
            
          </b-tooltip>
        </dt>
         
        <dd>
          
            33.4 %
          
        </dd>
      </dl>
    </div>
  </div>
</div>
`;
