// Jest Snapshot v1, https://goo.gl/fbAQLP

exports[`TableValidators has the expected html structure 1`] = `
<div
  class="table-validator"
>
  <table
    class="data-table table-responsive"
  >
    <thead>
      <panelsort-stub
        properties="[object Object],[object Object],[object Object],[object Object],[object Object],[object Object]"
        sort="[object Object]"
      />
    </thead>
     
    <tbody>
      <livalidator-stub
        validator="[object Object]"
      />
      <livalidator-stub
        validator="[object Object]"
      />
      <livalidator-stub
        validator="[object Object]"
      />
    </tbody>
  </table>
</div>
`;
