// Jest Snapshot v1, https://goo.gl/fbAQLP

exports[`ModalPropose should display proposal modal form 1`] = `
<actionmodal-stub
  amount="10000"
  id="modal-propose"
  notifymessage="[object Object]"
  submissionerrorprefix="Transaction failed"
  title="Proposal"
  transactiondata="[object Object]"
  validate="function () { [native code] }"
>
  <tmformgroup-stub
    class="action-modal-form-group"
    fieldid="title"
    fieldlabel="Title"
  >
    <tmfield-stub
      id="title"
      placeholder="Proposal title"
      type="text"
      value=""
    />
     
    <!---->
     
    <!---->
  </tmformgroup-stub>
   
  <tmformgroup-stub
    class="action-modal-form-group"
    fieldid="description"
    fieldlabel="Description"
  >
    <tmfield-stub
      class="textarea-large"
      id="description"
      placeholder="Write your proposal here..."
      type="textarea"
      value=""
    />
     
    <!---->
     
    <!---->
  </tmformgroup-stub>
   
  <tmformgroup-stub
    class="action-modal-form-group"
    fieldid="requestedfund"
    fieldlabel="Requested Fund"
  >
    <span
      class="input-suffix"
    >
      CLR
    </span>
     
    <tmfield-stub
      id="requestedfund"
      type="number"
      value="0"
    />
     
    <!---->
  </tmformgroup-stub>
   
  <tmformgroup-stub
    class="action-modal-form-group"
    fieldid="fundcycle"
    fieldlabel="Funding Cycle"
  >
    <tmfield-stub
      id="fundcycle"
      type="number"
      value="0"
    />
     
    <!---->
  </tmformgroup-stub>
   
  <tmformgroup-stub
    class="action-modal-form-group"
    fieldid="amount"
    fieldlabel="Deposit"
  >
    <span
      class="input-suffix"
    >
      CLR
    </span>
     
    <tmfield-stub
      id="amount"
      readonly=""
      type="number"
      value="10000"
    />
     
    <!---->
  </tmformgroup-stub>
</actionmodal-stub>
`;
