// Jest Snapshot v1, https://goo.gl/fbAQLP

exports[`ModalVote should display vote modal form 1`] = `
<actionmodal-stub
  amount="0"
  class="modal-vote"
  id="modal-vote"
  notifymessage="[object Object]"
  submissionerrorprefix="Transaction failed"
  title="Vote"
  transactiondata="[object Object]"
  validate="function () { [native code] }"
>
  <tmformgroup-stub
    class="action-modal-group vote-options"
  >
    <tmbtn-stub
      class=""
      color="secondary"
      id="vote-yes"
      size="md"
      value="Yes"
    />
     
    <tmbtn-stub
      class=""
      color="secondary"
      id="vote-no"
      size="md"
      value="No"
    />
     
    <tmbtn-stub
      class=""
      color="secondary"
      id="vote-abstain"
      size="md"
      value="Abstain"
    />
     
    <!---->
     
    <tmformmsg-stub
      class="margintop"
      msg="You can't vote, Delegated CLR must be greater than or equal to 50,000 CLR"
      name=""
      type="custom"
    />
  </tmformgroup-stub>
</actionmodal-stub>
`;
